// Jest Snapshot v1, https://goo.gl/fbAQLP

exports[`Fixture adding a test adds it to the correct suite 1`] = `
[
  TestRun {
    "attachments": [],
    "metadata": {
      "userAgent": "Chrome 99 /Â macOS 10",
    },
    "status": "passed",
    "suites": [
      Suite {
        "attachments": [],
        "metadata": {},
        "name": "path/to/some/test.spec.js",
        "status": "passed",
        "suites": [
          Suite {
            "attachments": [],
            "metadata": {},
            "name": "test fixture",
            "status": "passed",
            "suites": [],
            "tests": [
              Test {
                "attachments": [],
                "code": undefined,
                "duration": 123,
                "metadata": {},
                "name": "test",
                "output": "",
                "startTime": 2021-08-15T00:00:00.000Z,
                "status": "passed",
                "videoTimestamp": undefined,
              },
            ],
          },
        ],
        "tests": [],
      },
    ],
  },
]
`;
